[    0.000000] Linux version 4.15.0-39-generic (buildd@lgw01-amd64-054) (gcc version 7.3.0 (Ubuntu 7.3.0-16ubuntu3)) #42-Ubuntu SMP Tue Oct 23 15:48:01 UTC 2018 (Ubuntu 4.15.0-39.42-generic 4.15.18)
[    0.000000] Command line: BOOT_IMAGE=/boot/vmlinuz-4.15.0-39-generic root=LABEL=cloudimg-rootfs ro console=tty1 console=ttyS0
[    0.000000] KERNEL supported cpus:
[    0.000000]   Intel GenuineIntel
[    0.000000]   AMD AuthenticAMD
[    0.000000]   Centaur CentaurHauls
[    0.000000] x86/fpu: Supporting XSAVE feature 0x001: 'x87 floating point registers'
[    0.000000] x86/fpu: Supporting XSAVE feature 0x002: 'SSE registers'
[    0.000000] x86/fpu: Supporting XSAVE feature 0x004: 'AVX registers'
[    0.000000] x86/fpu: xstate_offset[2]:  576, xstate_sizes[2]:  256
[    0.000000] x86/fpu: Enabled xstate features 0x7, context size is 832 bytes, using 'standard' format.
[    0.000000] e820: BIOS-provided physical RAM map:
[    0.000000] BIOS-e820: [mem 0x0000000000000000-0x000000000009fbff] usable
[    0.000000] BIOS-e820: [mem 0x000000000009fc00-0x000000000009ffff] reserved
[    0.000000] BIOS-e820: [mem 0x00000000000f0000-0x00000000000fffff] reserved
[    0.000000] BIOS-e820: [mem 0x0000000000100000-0x00000000dffeffff] usable
[    0.000000] BIOS-e820: [mem 0x00000000dfff0000-0x00000000dfffffff] ACPI data
[    0.000000] BIOS-e820: [mem 0x00000000fec00000-0x00000000fec00fff] reserved
[    0.000000] BIOS-e820: [mem 0x00000000fee00000-0x00000000fee00fff] reserved
[    0.000000] BIOS-e820: [mem 0x00000000fffc0000-0x00000000ffffffff] reserved
[    0.000000] BIOS-e820: [mem 0x0000000100000000-0x000000011fffffff] usable
[    0.000000] NX (Execute Disable) protection: active
[    0.000000] SMBIOS 2.5 present.
[    0.000000] DMI: innotek GmbH VirtualBox/VirtualBox, BIOS VirtualBox 12/01/2006
[    0.000000] Hypervisor detected: KVM
[    0.000000] e820: last_pfn = 0x120000 max_arch_pfn = 0x400000000
[    0.000000] MTRR: Disabled
[    0.000000] x86/PAT: MTRRs disabled, skipping PAT initialization too.
[    0.000000] CPU MTRRs all blank - virtualized system.
[    0.000000] x86/PAT: Configuration [0-7]: WB  WT  UC- UC  WB  WT  UC- UC  
[    0.000000] e820: last_pfn = 0xdfff0 max_arch_pfn = 0x400000000
[    0.000000] found SMP MP-table at [mem 0x0009fff0-0x0009ffff] mapped at [        (ptrval)]
[    0.000000] Scanning 1 areas for low memory corruption
[    0.000000] RAMDISK: [mem 0x35ae1000-0x36d67fff]
[    0.000000] ACPI: Early table checksum verification disabled
[    0.000000] ACPI: RSDP 0x00000000000E0000 000024 (v02 VBOX  )
[    0.000000] ACPI: XSDT 0x00000000DFFF0030 00003C (v01 VBOX   VBOXXSDT 00000001 ASL  00000061)
[    0.000000] ACPI: FACP 0x00000000DFFF00F0 0000F4 (v04 VBOX   VBOXFACP 00000001 ASL  00000061)
[    0.000000] ACPI: DSDT 0x00000000DFFF0470 0022EA (v02 VBOX   VBOXBIOS 00000002 INTL 20100528)
[    0.000000] ACPI: FACS 0x00000000DFFF0200 000040
[    0.000000] ACPI: FACS 0x00000000DFFF0200 000040
[    0.000000] ACPI: APIC 0x00000000DFFF0240 00005C (v02 VBOX   VBOXAPIC 00000001 ASL  00000061)
[    0.000000] ACPI: SSDT 0x00000000DFFF02A0 0001CC (v01 VBOX   VBOXCPUT 00000002 INTL 20100528)
[    0.000000] No NUMA configuration found
[    0.000000] Faking a node at [mem 0x0000000000000000-0x000000011fffffff]
[    0.000000] NODE_DATA(0) allocated [mem 0x11ffd1000-0x11fffbfff]
[    0.000000] kvm-clock: cpu 0, msr 1:1ff50001, primary cpu clock
[    0.000000] kvm-clock: Using msrs 4b564d01 and 4b564d00
[    0.000000] kvm-clock: using sched offset of 3692189832 cycles
[    0.000000] clocksource: kvm-clock: mask: 0xffffffffffffffff max_cycles: 0x1cd42e4dffb, max_idle_ns: 881590591483 ns
[    0.000000] Zone ranges:
[    0.000000]   DMA      [mem 0x0000000000001000-0x0000000000ffffff]
[    0.000000]   DMA32    [mem 0x0000000001000000-0x00000000ffffffff]
[    0.000000]   Normal   [mem 0x0000000100000000-0x000000011fffffff]
[    0.000000]   Device   empty
[    0.000000] Movable zone start for each node
[    0.000000] Early memory node ranges
[    0.000000]   node   0: [mem 0x0000000000001000-0x000000000009efff]
[    0.000000]   node   0: [mem 0x0000000000100000-0x00000000dffeffff]
[    0.000000]   node   0: [mem 0x0000000100000000-0x000000011fffffff]
[    0.000000] Initmem setup node 0 [mem 0x0000000000001000-0x000000011fffffff]
[    0.000000] Reserved but unavailable: 98 pages
[    0.000000] ACPI: PM-Timer IO Port: 0x4008
[    0.000000] IOAPIC[0]: apic_id 2, version 32, address 0xfec00000, GSI 0-23
[    0.000000] ACPI: INT_SRC_OVR (bus 0 bus_irq 0 global_irq 2 dfl dfl)
[    0.000000] ACPI: INT_SRC_OVR (bus 0 bus_irq 9 global_irq 9 low level)
[    0.000000] Using ACPI (MADT) for SMP configuration information
[    0.000000] smpboot: Allowing 2 CPUs, 0 hotplug CPUs
[    0.000000] PM: Registered nosave memory: [mem 0x00000000-0x00000fff]
[    0.000000] PM: Registered nosave memory: [mem 0x0009f000-0x0009ffff]
[    0.000000] PM: Registered nosave memory: [mem 0x000a0000-0x000effff]
[    0.000000] PM: Registered nosave memory: [mem 0x000f0000-0x000fffff]
[    0.000000] PM: Registered nosave memory: [mem 0xdfff0000-0xdfffffff]
[    0.000000] PM: Registered nosave memory: [mem 0xe0000000-0xfebfffff]
[    0.000000] PM: Registered nosave memory: [mem 0xfec00000-0xfec00fff]
[    0.000000] PM: Registered nosave memory: [mem 0xfec01000-0xfedfffff]
[    0.000000] PM: Registered nosave memory: [mem 0xfee00000-0xfee00fff]
[    0.000000] PM: Registered nosave memory: [mem 0xfee01000-0xfffbffff]
[    0.000000] PM: Registered nosave memory: [mem 0xfffc0000-0xffffffff]
[    0.000000] e820: [mem 0xe0000000-0xfebfffff] available for PCI devices
[    0.000000] Booting paravirtualized kernel on KVM
[    0.000000] clocksource: refined-jiffies: mask: 0xffffffff max_cycles: 0xffffffff, max_idle_ns: 7645519600211568 ns
[    0.000000] random: get_random_bytes called from start_kernel+0x99/0x4fd with crng_init=0
[    0.000000] setup_percpu: NR_CPUS:8192 nr_cpumask_bits:2 nr_cpu_ids:2 nr_node_ids:1
[    0.000000] percpu: Embedded 46 pages/cpu @        (ptrval) s151552 r8192 d28672 u1048576
[    0.000000] PV qspinlock hash table entries: 256 (order: 0, 4096 bytes)
[    0.000000] Built 1 zonelists, mobility grouping on.  Total pages: 1032057
[    0.000000] Policy zone: Normal
[    0.000000] Kernel command line: BOOT_IMAGE=/boot/vmlinuz-4.15.0-39-generic root=LABEL=cloudimg-rootfs ro console=tty1 console=ttyS0
[    0.000000] Memory: 4014220K/4193848K available (12300K kernel code, 2472K rwdata, 4248K rodata, 2408K init, 2416K bss, 179628K reserved, 0K cma-reserved)
[    0.000000] SLUB: HWalign=64, Order=0-3, MinObjects=0, CPUs=2, Nodes=1
[    0.000000] Kernel/User page tables isolation: enabled
[    0.000000] ftrace: allocating 39178 entries in 154 pages
[    0.004000] Hierarchical RCU implementation.
[    0.004000] 	RCU restricting CPUs from NR_CPUS=8192 to nr_cpu_ids=2.
[    0.004000] 	Tasks RCU enabled.
[    0.004000] RCU: Adjusting geometry for rcu_fanout_leaf=16, nr_cpu_ids=2
[    0.004000] NR_IRQS: 524544, nr_irqs: 440, preallocated irqs: 16
[    0.004000] Console: colour VGA+ 80x25
[    0.004000] console [tty1] enabled
[    0.004000] console [ttyS0] enabled
[    0.004000] ACPI: Core revision 20170831
[    0.004000] ACPI: 2 ACPI AML tables successfully acquired and loaded
[    0.004000] APIC: Switch to symmetric I/O mode setup
[    0.004000] x2apic enabled
[    0.004000] Switched APIC routing to physical x2apic.
[    0.004000] ..TIMER: vector=0x30 apic1=0 pin1=2 apic2=-1 pin2=-1
[    0.004002] tsc: Detected 2904.000 MHz processor
[    0.004924] Calibrating delay loop (skipped) preset value.. 5808.00 BogoMIPS (lpj=11616000)
[    0.008002] pid_max: default: 32768 minimum: 301
[    0.009609] Security Framework initialized
[    0.010629] Yama: becoming mindful.
[    0.012017] AppArmor: AppArmor initialized
[    0.015164] Dentry cache hash table entries: 524288 (order: 10, 4194304 bytes)
[    0.017108] Inode-cache hash table entries: 262144 (order: 9, 2097152 bytes)
[    0.020019] Mount-cache hash table entries: 8192 (order: 4, 65536 bytes)
[    0.022304] Mountpoint-cache hash table entries: 8192 (order: 4, 65536 bytes)
[    0.024173] mce: CPU supports 0 MCE banks
[    0.025232] Last level iTLB entries: 4KB 64, 2MB 8, 4MB 8
[    0.026584] Last level dTLB entries: 4KB 64, 2MB 0, 4MB 0, 1GB 4
[    0.028002] Spectre V2 : Mitigation: Full generic retpoline
[    0.029451] Spectre V2 : Spectre v2 / SpectreRSB mitigation: Filling RSB on context switch
[    0.031058] Speculative Store Bypass: Vulnerable
[    0.032065] Freeing SMP alternatives memory: 36K
[    0.036000] smpboot: CPU0: Intel(R) Core(TM) i9-8950HK CPU @ 2.90GHz (family: 0x6, model: 0x9e, stepping: 0xa)
[    0.036000] Performance Events: unsupported p6 CPU model 158 no PMU driver, software events only.
[    0.036027] Hierarchical SRCU implementation.
[    0.037628] NMI watchdog: Perf event create on CPU 0 failed with -2
[    0.039263] NMI watchdog: Perf NMI watchdog permanently disabled
[    0.040029] smp: Bringing up secondary CPUs ...
[    0.042160] x86: Booting SMP configuration:
[    0.044025] .... node  #0, CPUs:      #1
[    0.004000] kvm-clock: cpu 1, msr 1:1ff50041, secondary cpu clock
[    0.004000] mce: CPU supports 0 MCE banks
[    0.050478] smp: Brought up 1 node, 2 CPUs
[    0.050478] smpboot: Max logical packages: 1
[    0.052004] smpboot: Total of 2 processors activated (11616.00 BogoMIPS)
[    0.053426] devtmpfs: initialized
[    0.053426] x86/mm: Memory block size: 128MB
[    0.056213] evm: security.selinux
[    0.057129] evm: security.SMACK64
[    0.057865] evm: security.SMACK64EXEC
[    0.058977] evm: security.SMACK64TRANSMUTE
[    0.060002] evm: security.SMACK64MMAP
[    0.060731] evm: security.apparmor
[    0.061586] evm: security.ima
[    0.062254] evm: security.capability
[    0.063325] clocksource: jiffies: mask: 0xffffffff max_cycles: 0xffffffff, max_idle_ns: 7645041785100000 ns
[    0.064011] futex hash table entries: 512 (order: 3, 32768 bytes)
[    0.068075] pinctrl core: initialized pinctrl subsystem
[    0.069297] RTC time: 18:32:53, date: 03/31/19
[    0.070462] NET: Registered protocol family 16
[    0.072052] audit: initializing netlink subsys (disabled)
[    0.073110] audit: type=2000 audit(1554057178.281:1): state=initialized audit_enabled=0 res=1
[    0.073110] cpuidle: using governor ladder
[    0.076005] cpuidle: using governor menu
[    0.076801] ACPI: bus type PCI registered
[    0.077591] acpiphp: ACPI Hot Plug PCI Controller Driver version: 0.5
[    0.079443] PCI: Using configuration type 1 for base access
[    0.080771] HugeTLB registered 2.00 MiB page size, pre-allocated 0 pages
[    0.084057] ACPI: Added _OSI(Module Device)
[    0.084887] ACPI: Added _OSI(Processor Device)
[    0.085788] ACPI: Added _OSI(3.0 _SCP Extensions)
[    0.086964] ACPI: Added _OSI(Processor Aggregator Device)
[    0.088003] ACPI: Added _OSI(Linux-Dell-Video)
[    0.088875] ACPI: Added _OSI(Linux-Lenovo-NV-HDMI-Audio)
[    0.092332] ACPI: Executed 1 blocks of module-level executable AML code
[    0.096931] ACPI: Interpreter enabled
[    0.097919] ACPI: (supports S0 S5)
[    0.098736] ACPI: Using IOAPIC for interrupt routing
[    0.100154] PCI: Using host bridge windows from ACPI; if necessary, use "pci=nocrs" and report a bug
[    0.102082] ACPI: Enabled 2 GPEs in block 00 to 07
[    0.108623] ACPI: PCI Root Bridge [PCI0] (domain 0000 [bus 00-ff])
[    0.110407] acpi PNP0A03:00: _OSC: OS supports [ASPM ClockPM Segments MSI]
[    0.112380] acpi PNP0A03:00: _OSC: not requesting OS control; OS requires [ExtendedConfig ASPM ClockPM MSI]
[    0.116017] acpi PNP0A03:00: fail to add MMCONFIG information, can't access extended PCI configuration space under this bridge.
[    0.118858] PCI host bridge to bus 0000:00
[    0.119662] pci_bus 0000:00: root bus resource [io  0x0000-0x0cf7 window]
[    0.120002] pci_bus 0000:00: root bus resource [io  0x0d00-0xffff window]
[    0.124002] pci_bus 0000:00: root bus resource [mem 0x000a0000-0x000bffff window]
[    0.125727] pci_bus 0000:00: root bus resource [mem 0xe0000000-0xfdffffff window]
[    0.128003] pci_bus 0000:00: root bus resource [bus 00-ff]
[    0.133028] pci 0000:00:01.1: legacy IDE quirk: reg 0x10: [io  0x01f0-0x01f7]
[    0.134915] pci 0000:00:01.1: legacy IDE quirk: reg 0x14: [io  0x03f6]
[    0.136002] pci 0000:00:01.1: legacy IDE quirk: reg 0x18: [io  0x0170-0x0177]
[    0.137360] pci 0000:00:01.1: legacy IDE quirk: reg 0x1c: [io  0x0376]
[    0.169837] pci 0000:00:07.0: quirk: [io  0x4000-0x403f] claimed by PIIX4 ACPI
[    0.171934] pci 0000:00:07.0: quirk: [io  0x4100-0x410f] claimed by PIIX4 SMB
[    0.184003] ACPI: PCI Interrupt Link [LNKA] (IRQs 5 9 10 *11)
[    0.185743] ACPI: PCI Interrupt Link [LNKB] (IRQs 5 9 *10 11)
[    0.187156] ACPI: PCI Interrupt Link [LNKC] (IRQs 5 *9 10 11)
[    0.188110] ACPI: PCI Interrupt Link [LNKD] (IRQs 5 9 10 *11)
[    0.190013] SCSI subsystem initialized
[    0.190794] pci 0000:00:02.0: vgaarb: setting as boot VGA device
[    0.190794] pci 0000:00:02.0: vgaarb: VGA device added: decodes=io+mem,owns=io+mem,locks=none
[    0.192010] pci 0000:00:02.0: vgaarb: bridge control possible
[    0.196073] vgaarb: loaded
[    0.196891] ACPI: bus type USB registered
[    0.197816] usbcore: registered new interface driver usbfs
[    0.200009] usbcore: registered new interface driver hub
[    0.201366] usbcore: registered new device driver usb
[    0.204051] EDAC MC: Ver: 3.0.0
[    0.204921] PCI: Using ACPI for IRQ routing
[    0.205163] NetLabel: Initializing
[    0.205855] NetLabel:  domain hash size = 128
[    0.208002] NetLabel:  protocols = UNLABELED CIPSOv4 CALIPSO
[    0.209455] NetLabel:  unlabeled traffic allowed by default
[    0.212058] clocksource: Switched to clocksource kvm-clock
[    0.225727] VFS: Disk quotas dquot_6.6.0
[    0.226879] VFS: Dquot-cache hash table entries: 512 (order 0, 4096 bytes)
[    0.228918] AppArmor: AppArmor Filesystem Enabled
[    0.230067] pnp: PnP ACPI init
[    0.232082] pnp: PnP ACPI: found 3 devices
[    0.241549] clocksource: acpi_pm: mask: 0xffffff max_cycles: 0xffffff, max_idle_ns: 2085701024 ns
[    0.243956] NET: Registered protocol family 2
[    0.244955] TCP established hash table entries: 32768 (order: 6, 262144 bytes)
[    0.247233] TCP bind hash table entries: 32768 (order: 7, 524288 bytes)
[    0.249078] TCP: Hash tables configured (established 32768 bind 32768)
[    0.250344] UDP hash table entries: 2048 (order: 4, 65536 bytes)
[    0.251985] UDP-Lite hash table entries: 2048 (order: 4, 65536 bytes)
[    0.253426] NET: Registered protocol family 1
[    0.254319] pci 0000:00:00.0: Limiting direct PCI/PCI transfers
[    0.255509] pci 0000:00:01.0: Activating ISA DMA hang workarounds
[    0.257027] pci 0000:00:02.0: Video device with shadowed ROM at [mem 0x000c0000-0x000dffff]
[    0.259392] Unpacking initramfs...
[    0.475672] Freeing initrd memory: 18972K
[    0.476973] PCI-DMA: Using software bounce buffering for IO (SWIOTLB)
[    0.478650] software IO TLB [mem 0xdbff0000-0xdfff0000] (64MB) mapped at [        (ptrval)-        (ptrval)]
[    0.481324] platform rtc_cmos: registered platform RTC device (no PNP device found)
[    0.483231] Scanning for low memory corruption every 60 seconds
[    0.485244] Initialise system trusted keyrings
[    0.486293] Key type blacklist registered
[    0.487262] workingset: timestamp_bits=36 max_order=20 bucket_order=0
[    0.489473] zbud: loaded
[    0.491689] squashfs: version 4.0 (2009/01/31) Phillip Lougher
[    0.493271] fuse init (API version 7.26)
[    0.498347] Key type asymmetric registered
[    0.499454] Asymmetric key parser 'x509' registered
[    0.501065] Block layer SCSI generic (bsg) driver version 0.4 loaded (major 246)
[    0.502888] io scheduler noop registered
[    0.504319] io scheduler deadline registered
[    0.505343] io scheduler cfq registered (default)
[    0.506914] ACPI: AC Adapter [AC] (off-line)
[    0.508396] input: Power Button as /devices/LNXSYSTM:00/LNXPWRBN:00/input/input0
[    0.510244] ACPI: Power Button [PWRF]
[    0.511217] input: Sleep Button as /devices/LNXSYSTM:00/LNXSLPBN:00/input/input1
[    0.513437] ACPI: Sleep Button [SLPF]
[    0.516288] Serial: 8250/16550 driver, 32 ports, IRQ sharing enabled
[    0.516734] ACPI: Battery Slot [BAT0] (battery present)
 	
 !"#$%&'()*+,-./0123456789:;<=>?@ABCDEFGHIJKLMNOPQRSTUVWXYZ[\]^_`abcdefghijklmnopqrstuvwxyz{|}~€‚ƒ„…†‡ˆ‰Š‹ŒŽ‘’“”•–—˜™š›œžŸ ¡¢£¤¥¦§¨©ª«¬­®¯°±²³´µ¶·¸¹º»¼½¾¿ÀÁÂÃÄÅÆÇÈÉÊËÌÍÎÏÐÑÒÓÔÕÖ×ØÙÚÛÜÝÞßàáâãäåæçèéêëìíîïðñòóôõö÷øùúûüýþÿ[    0.544092] 00:02: ttyS0 at I/O 0x3f8 (irq = 4, base_baud = 115200) is a 16550A
[    0.548000] Linux agpgart interface v0.103
[    0.551032] loop: module loaded
[    0.552478] scsi host0: ata_piix
[    0.553668] scsi host1: ata_piix
[    0.554549] ata1: PATA max UDMA/33 cmd 0x1f0 ctl 0x3f6 bmdma 0xd000 irq 14
[    0.556820] ata2: PATA max UDMA/33 cmd 0x170 ctl 0x376 bmdma 0xd008 irq 15
[    0.558918] libphy: Fixed MDIO Bus: probed
[    0.560105] tun: Universal TUN/TAP device driver, 1.6
[    0.561146] PPP generic driver version 2.4.2
[    0.562104] ehci_hcd: USB 2.0 'Enhanced' Host Controller (EHCI) Driver
[    0.564184] ehci-pci: EHCI PCI platform driver
[    0.565123] ehci-platform: EHCI generic platform driver
[    0.566173] ohci_hcd: USB 1.1 'Open' Host Controller (OHCI) Driver
[    0.567385] ohci-pci: OHCI PCI platform driver
[    0.568691] ohci-platform: OHCI generic platform driver
[    0.570171] uhci_hcd: USB Universal Host Controller Interface driver
[    0.571470] i8042: PNP: PS/2 Controller [PNP0303:PS2K,PNP0f03:PS2M] at 0x60,0x64 irq 1,12
[    0.573942] serio: i8042 KBD port at 0x60,0x64 irq 1
[    0.575114] serio: i8042 AUX port at 0x60,0x64 irq 12
[    0.576610] mousedev: PS/2 mouse device common for all mice
[    0.577881] input: AT Translated Set 2 keyboard as /devices/platform/i8042/serio0/input/input2
[    0.580883] rtc_cmos rtc_cmos: rtc core: registered rtc_cmos as rtc0
[    0.583077] rtc_cmos rtc_cmos: alarms up to one day, 114 bytes nvram
[    0.584421] i2c /dev entries driver
[    0.585171] pcie_mp2_amd: AMD(R) PCI-E MP2 Communication Driver Version: 1.0
[    0.586849] device-mapper: uevent: version 1.0.3
[    0.587810] device-mapper: ioctl: 4.37.0-ioctl (2017-09-20) initialised: dm-devel@redhat.com
[    0.589562] ledtrig-cpu: registered to indicate activity on CPUs
[    0.591392] NET: Registered protocol family 10
[    0.595007] Segment Routing with IPv6
[    0.596581] NET: Registered protocol family 17
[    0.598626] Key type dns_resolver registered
[    0.600087] RAS: Correctable Errors collector initialized.
[    0.601653] sched_clock: Marking stable (600025432, 0)->(967769229, -367743797)
[    0.603663] registered taskstats version 1
[    0.604528] Loading compiled-in X.509 certificates
[    0.607439] Loaded X.509 cert 'Build time autogenerated kernel key: 28c680bedc8638650c29d29ff1fd33ae66a2014d'
[    0.609603] zswap: loaded using pool lzo/zbud
[    0.613519] Key type big_key registered
[    0.615302] Key type trusted registered
[    0.617693] Key type encrypted registered
[    0.619224] AppArmor: AppArmor sha1 policy hashing enabled
[    0.620387] ima: No TPM chip found, activating TPM-bypass! (rc=-19)
[    0.622080] ima: Allocated hash algorithm: sha1
[    0.622985] evm: HMAC attrs: 0x1
[    0.623883]   Magic number: 11:698:545
[    0.624691] tty ttyS21: hash matches
[    0.625595] rtc_cmos rtc_cmos: setting system clock to 2019-03-31 18:32:53 UTC (1554057173)
[    0.627481] BIOS EDD facility v0.16 2004-Jun-25, 0 devices found
[    0.628917] EDD information not available.
[    0.723008] Freeing unused kernel memory: 2408K
[    0.736169] Write protecting the kernel read-only data: 20480k
[    0.739198] Freeing unused kernel memory: 2008K
[    0.743478] Freeing unused kernel memory: 1896K
[    0.749887] x86/mm: Checked W+X mappings: passed, no W+X pages found.
[    0.752152] x86/mm: Checking user space page tables
[    0.758634] x86/mm: Checked W+X mappings: passed, no W+X pages found.
Loading, please wait...
starting version 237
[    0.818585] Fusion MPT base driver 3.04.20
[    0.820239] Copyright (c) 1999-2008 LSI Corporation
[    0.825762] e1000: Intel(R) PRO/1000 Network Driver - version 7.3.21-k8-NAPI
[    0.827655] e1000: Copyright (c) 1999-2006 Intel Corporation.
[    0.839058] AVX2 version of gcm_enc/dec engaged.
[    0.842054] AES CTR mode by8 optimization enabled
[    0.850759] Fusion MPT SPI Host driver 3.04.20
[    1.027937] input: ImExPS/2 Generic Explorer Mouse as /devices/platform/i8042/serio1/input/input4
[    1.275737] e1000 0000:00:03.0 eth0: (PCI:33MHz:32-bit) 02:62:a9:91:21:9f
[    1.278076] e1000 0000:00:03.0 eth0: Intel(R) PRO/1000 Network Connection
[    1.281437] mptbase: ioc0: Initiating bringup
[    1.283326] e1000 0000:00:03.0 enp0s3: renamed from eth0
[    1.381251] ioc0: LSI53C1030 A0: Capabilities={Initiator}
[    1.500580] tsc: Refined TSC clocksource calibration: 2905.235 MHz
[    1.502769] clocksource: tsc: mask: 0xffffffffffffffff max_cycles: 0x29e09489ddd, max_idle_ns: 440795267029 ns
[    1.623180] scsi host2: ioc0: LSI53C1030 A0, FwRev=00000000h, Ports=1, MaxQ=256, IRQ=20
[    1.792585] scsi 2:0:0:0: Direct-Access     VBOX     HARDDISK         1.0  PQ: 0 ANSI: 5
[    1.824337] scsi target2:0:0: Beginning Domain Validation
[    1.829141] scsi target2:0:0: Domain Validation skipping write tests
[    1.831156] scsi target2:0:0: Ending Domain Validation
[    1.832970] scsi target2:0:0: asynchronous
[    1.835089] scsi 2:0:1:0: Direct-Access     VBOX     HARDDISK         1.0  PQ: 0 ANSI: 5
[    1.872461] scsi target2:0:1: Beginning Domain Validation
[    1.878202] random: fast init done
[    1.879895] scsi target2:0:1: Domain Validation skipping write tests
[    1.882098] scsi target2:0:1: Ending Domain Validation
[    1.883710] scsi target2:0:1: asynchronous
[    1.890966] random: systemd-udevd: uninitialized urandom read (16 bytes read)
[    1.891267] sd 2:0:0:0: Attached scsi generic sg0 type 0
[    1.891395] sd 2:0:1:0: Attached scsi generic sg1 type 0
[    1.896598] random: systemd-udevd: uninitialized urandom read (16 bytes read)
[    1.898852] random: systemd-udevd: uninitialized urandom read (16 bytes read)
[    1.901150] sd 2:0:1:0: [sdb] 20480 512-byte logical blocks: (10.5 MB/10.0 MiB)
[    1.903494] sd 2:0:0:0: [sda] 20971520 512-byte logical blocks: (10.7 GB/10.0 GiB)
[    1.905676] sd 2:0:1:0: [sdb] Write Protect is off
[    1.907149] sd 2:0:0:0: [sda] Write Protect is off
[    1.908835] sd 2:0:1:0: [sdb] Incomplete mode parameter data
[    1.910361] sd 2:0:1:0: [sdb] Assuming drive cache: write through
[    1.912528] sd 2:0:0:0: [sda] Incomplete mode parameter data
[    1.914424] sd 2:0:0:0: [sda] Assuming drive cache: write through
[    1.917970]  sda: sda1
[    1.919245] sd 2:0:1:0: [sdb] Attached SCSI disk
[    1.920825] sd 2:0:0:0: [sda] Attached SCSI disk
Begin: Loading essential drivers ... [    3.284542] raid6: sse2x1   gen() 13600 MB/s
[    3.332015] raid6: sse2x1   xor()  9635 MB/s
[    3.380067] raid6: sse2x2   gen() 17036 MB/s
[    3.428209] raid6: sse2x2   xor() 11586 MB/s
[    3.476513] raid6: sse2x4   gen() 19355 MB/s
[    3.524071] raid6: sse2x4   xor() 11978 MB/s
[    3.572626] raid6: avx2x1   gen() 27831 MB/s
[    3.620119] raid6: avx2x1   xor() 19310 MB/s
[    3.668238] raid6: avx2x2   gen() 33528 MB/s
[    3.716322] raid6: avx2x2   xor() 20563 MB/s
[    3.764059] raid6: avx2x4   gen() 36645 MB/s
[    3.812056] raid6: avx2x4   xor() 20626 MB/s
[    3.813081] raid6: using algorithm avx2x4 gen() 36645 MB/s
[    3.814326] raid6: .... xor() 20626 MB/s, rmw enabled
[    3.815470] raid6: using avx2x2 recovery algorithm
[    3.817968] xor: automatically using best checksumming function   avx       
[    3.820859] async_tx: api initialized (async)
done.
Begin: Running /scripts/init-premount ... done.
Begin: Mounting root file system ... Begin: Running /scripts/local-top ... done.
Begin: Running /scripts/local-premount ... [    3.861148] Btrfs loaded, crc32c=crc32c-intel
Scanning for Btrfs filesystems
done.
Warning: fsck not present, so skipping root file system
[    3.882164] EXT4-fs (sda1): mounted filesystem with ordered data mode. Opts: (null)
done.
Begin: Running /scripts/local-bottom ... done.
Begin: Running /scripts/init-bottom ... done.
[    3.983447] ip_tables: (C) 2000-2006 Netfilter Core Team
[    3.989403] systemd[1]: systemd 237 running in system mode. (+PAM +AUDIT +SELINUX +IMA +APPARMOR +SMACK +SYSVINIT +UTMP +LIBCRYPTSETUP +GCRYPT +GNUTLS +ACL +XZ +LZ4 +SECCOMP +BLKID +ELFUTILS +KMOD -IDN2 +IDN -PCRE2 default-hierarchy=hybrid)
[    3.994866] systemd[1]: Detected virtualization oracle.
[    3.996828] systemd[1]: Detected architecture x86-64.

Welcome to [1mUbuntu 18.04.1 LTS[0m!

[    4.016895] systemd[1]: Set hostname to <ubuntu>.
[    4.020659] systemd[1]: Initializing machine ID from random generator.
[    4.022786] systemd[1]: Installed transient /etc/machine-id file.
[    4.162502] systemd[1]: Created slice System Slice.
[[0;32m  OK  [0m] Created slice System Slice.
[    4.176841] systemd[1]: Listening on Device-mapper event daemon FIFOs.
[[0;32m  OK  [0m] Listening on Device-mapper event daemon FIFOs.
[    4.180663] systemd[1]: Reached target User and Group Name Lookups.
[[0;32m  OK  [0m] Reached target User and Group Name Lookups.
[    4.183816] systemd[1]: Reached target Swap.
[[0;32m  OK  [0m] Reached target Swap.
[[0;32m  OK  [0m] Listening on Syslog Socket.
[[0;32m  OK  [0m] Listening on Journal Socket (/dev/log).
[[0;32m  OK  [0m] Listening on Network Service Netlink Socket.
[[0;32m  OK  [0m] Set up automount Arbitrary Executabâ€¦rmats File System Automount Point.
[[0;32m  OK  [0m] Listening on Journal Socket.
         Mounting Huge Pages File System...
[[0;32m  OK  [0m] Listening on Journal Audit Socket.
[[0;32m  OK  [0m] Created slice User and Session Slice.
[[0;32m  OK  [0m] Created slice system-serial\x2dgetty.slice.
[[0;32m  OK  [0m] Listening on LVM2 poll daemon socket.
[[0;32m  OK  [0m] Reached target Slices.
[[0;32m  OK  [0m] Reached target System Time Synchronized.
[[0;32m  OK  [0m] Listening on LVM2 metadata daemon socket.
[[0;32m  OK  [0m] Listening on udev Control Socket.
         Starting Remount Root and Kernel File Systems...
[    4.308922] EXT4-fs (sda1): re-mounted. Opts: (null)
         Starting Monitoring of LVM2 mirrorsâ€¦ng dmeventd or progress polling...
         Starting Journal Service...
         Starting Uncomplicated firewall...
         Mounting Kernel Debug File System...
         Starting Create list of required stâ€¦ce nodes for the current kernel...
[[0;32m  OK  [0m] Started Forward Password Requests to Wall Directory Watch.
         Mounting POSIX Message Queue File System...
[[0;32m  OK  [0m] Listening on udev Kernel Socket.
         Starting udev Coldplug all Devices...
         Starting Load Kernel Modules...
[[0;32m  OK  [0m] Listening on /dev/initctl Compatibility Named Pipe.
         Starting Set the console keyboard layout...
[    4.419077] Loading iSCSI transport class v2.0-870.
[[0;32m  OK  [0m] Started Journal Service.
[    4.425727] iscsi: registered transport (tcp)
[[0;32m  OK  [0m] Mounted Huge Pages File System.
[    4.440847] iscsi: registered transport (iser)
[[0;32m  OK  [0m] Started Remount Root and Kernel File Systems.
[[0;32m  OK  [0m] Started Uncomplicated firewall.
[[0;32m  OK  [0m] Mounted Kernel Debug File System.
[[0;32m  OK  [0m] Started Create list of required staâ€¦vice nodes for the current kernel.
[[0;32m  OK  [0m] Mounted POSIX Message Queue File System.
[[0;32m  OK  [0m] Started Load Kernel Modules.
[[0;32m  OK  [0m] Started LVM2 metadata daemon.
         Mounting FUSE Control File System...
         Starting Apply Kernel Variables...
         Mounting Kernel Configuration File System...
         Starting Create Static Device Nodes in /dev...
         Starting Initial cloud-init job (pre-networking)...
         Starting Load/Save Random Seed...
         Starting Flush Journal to Persistent Storage...
[[0;32m  OK  [0m] Started Monitoring of LVM2 mirrors,â€¦sing dmeventd or progress polling.
[[0;32m  OK  [0m] Started Set the console keyboard layout.
[[0;32m  OK  [0m] Started udev Coldplug all Devices.
[[0;32m  OK  [0m] Mounted FUSE Control File System.
[[0;32m  OK  [0m] Mounted Kernel Configuration File System.
[[0;32m  OK  [0m] Started Load/Save Random Seed.
[[0;32m  OK  [0m] Started Apply Kernel Variables.
[[0;32m  OK  [0m] Started Create Static Device Nodes in /dev.
         Starting udev Kernel Device Manager...
[[0;32m  OK  [0m] Reached target Local File Systems (Pre).
[[0;32m  OK  [0m] Reached target Local File Systems.
         Starting AppArmor initialization...
         Starting Set console font and keymap...
         Starting ebtables ruleset management...
         Starting Tell Plymouth To Write Out Runtime Data...
         Starting Commit a transient machine-id on disk...
[[0;32m  OK  [0m] Started udev Kernel Device Manager.
[[0;32m  OK  [0m] Started Dispatch Password Requests to Console Directory Watch.
[[0;32m  OK  [0m] Reached target Local Encrypted Volumes.
[[0;32m  OK  [0m] Started Set console font and keymap.
[[0;32m  OK  [0m] Started Tell Plymouth To Write Out Runtime Data.
[[0;32m  OK  [0m] Started Flush Journal to Persistent Storage.
         Starting Create Volatile Files and Directories...
[[0;32m  OK  [0m] Started Create Volatile Files and Directories.
         Starting Update UTMP about System Boot/Shutdown...
[[0;32m  OK  [0m] Started Update UTMP about System Boot/Shutdown.
[[0;32m  OK  [0m] Started Commit a transient machine-id on disk.
[[0;32m  OK  [0m] Found device /dev/ttyS0.
[[0;32m  OK  [0m] Started ebtables ruleset management.
[[0;32m  OK  [0m] Listening on Load/Save RF Kill Switch Status /dev/rfkill Watch.
[    5.884410] cloud-init[407]: Cloud-init v. 18.4-0ubuntu1~18.04.1 running 'init-local' at Sun, 31 Mar 2019 18:32:58 +0000. Up 5.49 seconds.
[[0;32m  OK  [0m] Started AppArmor initialization.
[[0;32m  OK  [0m] Started Initial cloud-init job (pre-networking).
[[0;32m  OK  [0m] Reached target Network (Pre).
         Starting Network Service...
[[0;32m  OK  [0m] Started Network Service.
         Starting Network Name Resolution...
         Starting Wait for Network to be Configured...
[[0;32m  OK  [0m] Started Network Name Resolution.
[[0;32m  OK  [0m] Reached target Host and Network Name Lookups.
[[0;32m  OK  [0m] Reached target Network.
[[0;32m  OK  [0m] Started Wait for Network to be Configured.
         Starting Initial cloud-init job (metadata service crawler)...
[    7.402670] cloud-init[612]: Cloud-init v. 18.4-0ubuntu1~18.04.1 running 'init' at Sun, 31 Mar 2019 18:33:00 +0000. Up 7.30 seconds.
[    7.404453] cloud-init[612]: ci-info: ++++++++++++++++++++++++++++++++++++++Net device info++++++++++++++++++++++++++++++++++++++
[    7.420374] cloud-init[612]: ci-info: +--------+------+----------------------------+---------------+--------+-------------------+
[    7.436644] cloud-init[612]: ci-info: | Device |  Up  |          Address           |      Mask     | Scope  |     Hw-Address    |
[    7.452529] cloud-init[612]: ci-info: +--------+------+----------------------------+---------------+--------+-------------------+
[    7.468161] cloud-init[612]: ci-info: | enp0s3 | True |         10.0.2.15          | 255.255.255.0 | global | 02:62:a9:91:21:9f |
[    7.480341] cloud-init[612]: ci-info: | enp0s3 | True | fe80::62:a9ff:fe91:219f/64 |       .       |  link  | 02:62:a9:91:21:9f |
[    7.492250] cloud-init[612]: ci-info: |   lo   | True |         127.0.0.1          |   255.0.0.0   |  host  |         .         |
[    7.495424] cloud-init[612]: ci-info: |   lo   | True |          ::1/128           |       .       |  host  |         .         |
[    7.500377] cloud-init[612]: ci-info: +--------+------+----------------------------+---------------+--------+-------------------+
[    7.503422] cloud-init[612]: ci-info: ++++++++++++++++++++++++++++Route IPv4 info+++++++++++++++++++++++++++++
[    7.520177] cloud-init[612]: ci-info: +-------+-------------+----------+-----------------+-----------+-------+
[    7.521598] cloud-init[612]: ci-info: | Route | Destination | Gateway  |     Genmask     | Interface | Flags |
[    7.523133] cloud-init[612]: ci-info: +-------+-------------+----------+-----------------+-----------+-------+
[    7.524226] cloud-init[612]: ci-info: |   0   |   0.0.0.0   | 10.0.2.2 |     0.0.0.0     |   enp0s3  |   UG  |
[    7.525720] cloud-init[612]: ci-info: |   1   |   10.0.2.0  | 0.0.0.0  |  255.255.255.0  |   enp0s3  |   U   |
[    7.527256] cloud-init[612]: ci-info: |   2   |   10.0.2.2  | 0.0.0.0  | 255.255.255.255 |   enp0s3  |   UH  |
[    7.528964] cloud-init[612]: ci-info: +-------+-------------+----------+-----------------+-----------+-------+
[    7.540211] cloud-init[612]: ci-info: +++++++++++++++++++Route IPv6 info+++++++++++++++++++
[    7.542482] cloud-init[612]: ci-info: +-------+-------------+---------+-----------+-------+
[    7.544392] cloud-init[612]: ci-info: | Route | Destination | Gateway | Interface | Flags |
[    7.545954] cloud-init[612]: ci-info: +-------+-------------+---------+-----------+-------+
[    7.556118] cloud-init[612]: ci-info: |   1   |  fe80::/64  |    ::   |   enp0s3  |   U   |
[    7.557721] cloud-init[612]: ci-info: |   3   |    local    |    ::   |   enp0s3  |   U   |
[    7.559271] cloud-init[612]: ci-info: |   4   |   ff00::/8  |    ::   |   enp0s3  |   U   |
[    7.560779] cloud-init[612]: ci-info: +-------+-------------+---------+-----------+-------+
[    7.925592] cloud-init[612]: Generating public/private rsa key pair.
[    7.926229] cloud-init[612]: Your identification has been saved in /etc/ssh/ssh_host_rsa_key.
[    7.927078] cloud-init[612]: Your public key has been saved in /etc/ssh/ssh_host_rsa_key.pub.
[    7.927857] cloud-init[612]: The key fingerprint is:
[    7.928844] cloud-init[612]: SHA256:/hjA7Halldm60fatlLjSLaeT5NbGhWWcMLHN1aVAT48 root@ubuntu-bionic
[    7.930778] cloud-init[612]: The key's randomart image is:
[    7.931665] cloud-init[612]: +---[RSA 2048]----+
[    7.944306] cloud-init[612]: |           .o.o =|
[    7.960621] cloud-init[612]: |             *++o|
[    7.961342] cloud-init[612]: |             .E+o|
[    7.962263] cloud-init[612]: |     o     +   .+|
[[0;32m  OK  [0m] Started Initial cloud-init job (metadata service crawler).
[    7.977046] cloud-init[612]: |      + S = .  + |
[[0;32m  OK  [0m] Reached target System Initialization.
[    7.992551] cloud-init[612]: [|     . o + o.....|[0;32m  OK  [0m
] Listening on D-Bus System Message Bus Socket.
[    8.006254]          Starting LXD - unix socket.
cloud-init[612]: |      o = o++=o. |
[[0;32m  OK  [0m] Started Message of the Day.
[    8.020653] [[0;32m  OK  [0m] Started Daily apt download activities.
cloud-init[612]: |     . . +.+B+*. |
[    8.034188] cloud-init[612]: |        . ooo*o..|
         Starting Socket activation for snappy daemon.
[    8.034458] [[0;32m  OK  [0m] Started Discard unused blocks once a week.
cloud-init[612]: +----[SHA256]-----+
[[0;32m  OK  [0m] Listening on UUID daemon activation socket.
[    8.036262] cloud-init[612]: Generating public/private dsa key pair.
[[0;32m  OK  [0m] Started ACPI Events Check.
[[0;32m  OK  [0m] Reached target Paths.
[    8.050012] [[0;32m  OK  [0m] Listening on Open-iSCSI iscsid Socket.
[[0;32m  OK  [0m] Listening on ACPID Listen Socket.
cloud-init[612]: Your identification has been saved in /etc/ssh/ssh_host_dsa_key.
[[0;32m  OK  [0m] Started Daily Cleanup of Temporary Directories.
[    8.055474] [[0;32m  OK  [0m] Started Daily apt upgrade and clean activities.
[[0;32m  OK  [0m] Reached target Timers.
[[0;32m  OK  [0m] Reached target Network is Online.
cloud-init[612]: Your public key has been saved in /etc/ssh/ssh_host_dsa_key.pub.
[    8.060920]          Starting Availability of block devices...
[[0;32m  OK  [0m] Reached target Remote File Systems (Pre).
cloud-init[612]: The key fingerprint is:
[[0;32m  OK  [0m] Reached target Remote File Systems.
[    8.068717] [[0;32m  OK  [0m] Reached target Cloud-config availability.
cloud-init[612]: SHA256:t1KveUlgylCao3s17XNUx8LShvJGI9zqY3Z6JQbNmFw root@ubuntu-bionic
[[0;32m  OK  [0m] Listening on LXD - unix socket.
[    8.083206] [[0;32m  OK  [0m] Listening on Socket activation for snappy daemon.
cloud-init[612]: The key's randomart image is:
[[0;32m  OK  [0m] Started Availability of block devices.
[    8.089205] cloud-init[612]: +---[DSA 1024]----+
[    8.116330] [cloud-init[0;32m  OK  [0m[612]: |                 |] 
Reached target Sockets.
[    8.117694] [[0;32m  OK  [0m] Reached target Basic System.
cloud-init[612]: |        .   E    |
[    8.119263] cloud-init         Starting LSB: Record successful boot for GRUB...
[[0;32m  OK  [0m] Started FUSE filesystem for LXC.
[[0;32m  OK  [0m] Started D-Bus System Message Bus.
[612]: |       + o B + . |
[    8.125613] cloud-init[612]: |      =   @ O * o|
[    8.127788] cloud-init[612]: |     . +S+oO = o |
[    8.130929] cloud-init[612]: |    .   =oooB .  |
[    8.131396] cloud-init[612]: |     . ..+.=.+   |
[    8.132799] cloud-init[612]: |    . .  .Bo*    |
[    8.134086] cloud-init[612]: |     .   o+O     |
[    8.135341] cloud-init[612]: +----[SHA256]-----+
[    8.152220] cloud-init[612]: Generating public/private ecdsa key pair.
         Starting Login Service...
[    8.168625] [[0;32m  OK  [0m] Started Unattended Upgrades Shutdown.
cloud-init[612]: Your identification has been saved in /etc/ssh/ssh_host_ecdsa_key.
[    8.170864]          cloud-initStarting Accounts Service...[612]: 
Your public key has been saved in /etc/ssh/ssh_host_ecdsa_key.pub.
[    8.172523] cloud-init[612]: The key fingerprint is:
[    8.173755] cloud-init[612]: SHA256:LbLctqKyHPfPqKLZsNhMOMbNjpvh9EmjaxQPDbO96Ho root@ubuntu-bionic
[    8.184608] cloud-init[612]: The key's randomart image is:
[[0;32m  OK  [0m] Started irqbalance daemon.
[    8.197045] cloud-init[612]: +---[ECDSA 256]---+
         Starting Pollinate to seed the pseudo random number generator...
[    8.221767] cloud-init         Starting System Logging Service...
[[0;32m  OK  [0m] Started Deferred execution scheduler.
         Starting Virtualbox guest utils...
         Starting Dispatcher daemon for systemd-networkd...
[612]: |                 |
[[0;32m  OK  [0m] Started Regular background program processing daemon.
[    8.230535] cloud-init         Starting Permit User Sessions...
         Starting LSB: automatic crash report generation...
         Starting Snappy daemon...
         Starting LXD - container startup/shutdown...
[612]: | o               |
[    8.240716] cloud-init[612]: |  *              |
[    8.243144] cloud-init[612]: [[0;32m  OK  [0m] Started Login Service.
| + o     .       |
[    8.247232] cloud-init[612]: |  = . . S .      |
[    8.248768] cloud-init[612]: |.+oo . + .       |
[    8.250817] cloud-init[612]: |*=o=. o o        |
[    8.253527] cloud-init[612]: |=&Eoo..+ .       |
[    8.255556] cloud-init[612]: |OXOBoooo+        |
[    8.256772] cloud-init[612]: +----[SHA256]-----+
[    8.257805] cloud-init[612]: Generating public/private ed25519 key pair.
[    8.263007] cloud-init[612]: Your identification has been saved in /etc/ssh/ssh_host_ed25519_key.
[    8.265876] cloud-init[612]: Your public key has been saved in /etc/ssh/ssh_host_ed25519_key.pub.
[    8.267977] cloud-init[612]: The key fingerprint is:
[    8.269437] cloud-init[612]: SHA256:CmWRSpyhI8Ku/DxLugQ7wpL3ibH9W9XLf60BBWaNjAQ root@ubuntu-bionic
[    8.281145] cloud-init[612]: The key's randomart image is:
[    8.282811] cloud-init[612]: +--[ED25519 256]--+
[    8.286775] cloud-init[612]: |   ..o..Eo.o+o   |
[    8.291210] cloud-init[612]: |.  .+ ..  .oo..  |
[    8.296197] cloud-init[612]: |o.o. .o       .  |
[    8.298380] cloud-init[612]: |o. ..o     . .   |
[    8.303480] cloud-init[612]: |..  .   S . o    |
[    8.305439] cloud-init[612]: |=o   . . . . o   |
[    8.308146] cloud-init[612]: |B+o.  . .   o . .|
[    8.309848] cloud-init[612]: |+o=B . .     . .o|
[    8.310884] cloud-init[612]: | o++*.o.      oo |
[    8.311795] cloud-init[612]: +----[SHA256]-----+
[[0;32m  OK  [0m] Started System Logging Service.
[[0;32m  OK  [0m] Started Permit User Sessions.
         Starting Terminate Plymouth Boot Screen...
         Starting Hold until boot process finishes up...
         Starting Authorization Manager...
[[0;32m  OK  [0m] Started Hold until boot process finishes up.
[[0;32m  OK  [0m] Started Terminate Plymouth Boot Screen.
[[0;32m  OK  [0m] Started Serial Getty on ttyS0.
         Starting Set console scheme...
[[0;32m  OK  [0m] Started Set console scheme.
[[0;32m  OK  [0m] Created slice system-getty.slice.
[[0;32m  OK  [0m] Started Getty on tty1.
[[0;32m  OK  [0m] Reached target Login Prompts.
[[0;32m  OK  [0m] Started LXD - container startup/shutdown.
[[0;32m  OK  [0m] Started LSB: automatic crash report generation.
[[0;32m  OK  [0m] Started LSB: Record successful boot for GRUB.
[[0;32m  OK  [0m] Started Dispatcher daemon for systemd-networkd.
[[0;32m  OK  [0m] Started Authorization Manager.
[[0;32m  OK  [0m] Started Accounts Service.
[[0;32m  OK  [0m] Started Virtualbox guest utils.
[[0;32m  OK  [0m] Started Snappy daemon.
         Starting Wait until snapd is fully seeded...
[[0;32m  OK  [0m] Started Pollinate to seed the pseudo random number generator.
         Starting OpenBSD Secure Shell server...
[[0;32m  OK  [0m] Started OpenBSD Secure Shell server.
[[0;32m  OK  [0m] Created slice User Slice of vagrant.
         Starting User Manager for UID 1000...
[[0;32m  OK  [0m] Started Session 1 of user vagrant.
[[0;32m  OK  [0m] Started User Manager for UID 1000.

Ubuntu 18.04.1 LTS ubuntu-bionic ttyS0

ubuntu-bionic login: [   18.846323] cloud-init[1836]: Cloud-init v. 18.4-0ubuntu1~18.04.1 running 'modules:config' at Sun, 31 Mar 2019 18:33:11 +0000. Up 18.56 seconds.
ci-info: no authorized ssh keys fingerprints found for user ubuntu.
<14>Mar 31 18:33:12 ec2: 
<14>Mar 31 18:33:12 ec2: #############################################################
<14>Mar 31 18:33:12 ec2: -----BEGIN SSH HOST KEY FINGERPRINTS-----
<14>Mar 31 18:33:12 ec2: 1024 SHA256:t1KveUlgylCao3s17XNUx8LShvJGI9zqY3Z6JQbNmFw root@ubuntu-bionic (DSA)
<14>Mar 31 18:33:12 ec2: 256 SHA256:LbLctqKyHPfPqKLZsNhMOMbNjpvh9EmjaxQPDbO96Ho root@ubuntu-bionic (ECDSA)
<14>Mar 31 18:33:12 ec2: 256 SHA256:CmWRSpyhI8Ku/DxLugQ7wpL3ibH9W9XLf60BBWaNjAQ root@ubuntu-bionic (ED25519)
<14>Mar 31 18:33:12 ec2: 2048 SHA256:/hjA7Halldm60fatlLjSLaeT5NbGhWWcMLHN1aVAT48 root@ubuntu-bionic (RSA)
<14>Mar 31 18:33:12 ec2: -----END SSH HOST KEY FINGERPRINTS-----
<14>Mar 31 18:33:12 ec2: #############################################################
-----BEGIN SSH HOST KEY KEYS-----
ecdsa-sha2-nistp256 AAAAE2VjZHNhLXNoYTItbmlzdHAyNTYAAAAIbmlzdHAyNTYAAABBBNflw9z5wmL7B19W1Ip8mtWMAgKfvSdnDSuVq05qLs34ED14Xx63aTZbS391RSm+7B+wAaFUZ20mHqMhT3DHxqk= root@ubuntu-bionic
ssh-ed25519 AAAAC3NzaC1lZDI1NTE5AAAAIAeOWgh3ndekSbGIplK/A7uqCHn/DqBhZ1/thR6sBI7l root@ubuntu-bionic
ssh-rsa AAAAB3NzaC1yc2EAAAADAQABAAABAQDFTO6Xzy+f0ZRnxRFl1KFJXns+MR0nguy6F4p9X7H/PD7LRw8MdirSf9kF5GjJzeR2M20cZeNZ285xZDSjF0nUXFYwPLtFl5ryoDU6eIW1XUW4Usoa0wZJ+11Kwf1XWg+6tKIQmvkRjNvsfu5ri7tWhLHPETTF113hp/2wRuGxIO1AHdPmivr9vTYxz1QGdASUPeKtryc2VD8t2hn5w6OVC5MmKTeYzhhAegKIClouH4IevbuZvSGEMCXeoqSW2/FXxZU2dmdFC6ju5aiOWK5VmERkOyeyWEnMAJ4xdP/L8OFZ6J8FFdF1osXpZ1rOgem1bbOi8RdnqPvPjiswaVKJ root@ubuntu-bionic
-----END SSH HOST KEY KEYS-----
[   19.296348] cloud-init[1951]: Cloud-init v. 18.4-0ubuntu1~18.04.1 running 'modules:final' at Sun, 31 Mar 2019 18:33:12 +0000. Up 19.17 seconds.
[   19.297142] cloud-init[1951]: ci-info: no authorized ssh keys fingerprints found for user ubuntu.
[   19.297359] cloud-init[1951]: Cloud-init v. 18.4-0ubuntu1~18.04.1 finished at Sun, 31 Mar 2019 18:33:12 +0000. Datasource DataSourceNoCloud [seed=/dev/sdb][dsmode=net].  Up 19.27 seconds
